<h1>This is a heading!\n\nThis is a paragraph\n\n# Another heading.\n\nParagraph!</h1>